[Sun Mar  1 10:21:14 2026] PHP 8.3.6 Development Server (http://localhost:8000) started
[Sun Mar  1 10:21:37 2026] [::1]:34692 Accepted
[Sun Mar  1 10:21:37 2026] [::1]:34692 [200]: GET /index.php
[Sun Mar  1 10:21:37 2026] [::1]:34692 Closing
[Sun Mar  1 10:21:37 2026] [::1]:34696 Accepted
[Sun Mar  1 10:21:37 2026] [::1]:34710 Accepted
[Sun Mar  1 10:21:37 2026] [::1]:34718 Accepted
[Sun Mar  1 10:21:37 2026] [::1]:34696 [200]: GET /assets/css/style.css
[Sun Mar  1 10:21:37 2026] [::1]:34696 Closing
[Sun Mar  1 10:21:37 2026] [::1]:34710 [200]: GET /assets/js/widgets.js
[Sun Mar  1 10:21:37 2026] [::1]:34718 [200]: GET /assets/js/app.js
[Sun Mar  1 10:21:37 2026] [::1]:34710 Closing
[Sun Mar  1 10:21:37 2026] [::1]:34718 Closing
[Sun Mar  1 10:21:39 2026] [::1]:34720 Accepted
[Sun Mar  1 10:21:39 2026] PHP Fatal error:  Uncaught mysqli_sql_exception: No such file or directory in /app/koneksi.php:7
Stack trace:
#0 /app/koneksi.php(7): mysqli->__construct()
#1 /app/backend/get_items.php(3): require('...')
#2 {main}
  thrown in /app/koneksi.php on line 7
[Sun Mar  1 10:21:39 2026] [::1]:34720 [500]: GET /backend/get_items.php - Uncaught mysqli_sql_exception: No such file or directory in /app/koneksi.php:7
Stack trace:
#0 /app/koneksi.php(7): mysqli->__construct()
#1 /app/backend/get_items.php(3): require('...')
#2 {main}
  thrown in /app/koneksi.php on line 7
[Sun Mar  1 10:21:39 2026] [::1]:34720 Closing
[Sun Mar  1 10:22:34 2026] [::1]:35880 Accepted
[Sun Mar  1 10:22:34 2026] [::1]:35880 [200]: GET /index.php
[Sun Mar  1 10:22:34 2026] [::1]:35880 Closing
[Sun Mar  1 10:22:34 2026] [::1]:35896 Accepted
[Sun Mar  1 10:22:34 2026] [::1]:35898 Accepted
[Sun Mar  1 10:22:34 2026] [::1]:35904 Accepted
[Sun Mar  1 10:22:34 2026] [::1]:35896 [200]: GET /assets/css/style.css
[Sun Mar  1 10:22:34 2026] [::1]:35896 Closing
[Sun Mar  1 10:22:34 2026] [::1]:35898 [200]: GET /assets/js/widgets.js
[Sun Mar  1 10:22:34 2026] [::1]:35904 [200]: GET /assets/js/app.js
[Sun Mar  1 10:22:34 2026] [::1]:35898 Closing
[Sun Mar  1 10:22:34 2026] [::1]:35904 Closing
[Sun Mar  1 10:22:35 2026] [::1]:35906 Accepted
[Sun Mar  1 10:22:35 2026] PHP Fatal error:  Uncaught mysqli_sql_exception: No such file or directory in /app/koneksi.php:7
Stack trace:
#0 /app/koneksi.php(7): mysqli->__construct()
#1 /app/backend/get_items.php(3): require('...')
#2 {main}
  thrown in /app/koneksi.php on line 7
[Sun Mar  1 10:22:35 2026] [::1]:35906 [500]: GET /backend/get_items.php - Uncaught mysqli_sql_exception: No such file or directory in /app/koneksi.php:7
Stack trace:
#0 /app/koneksi.php(7): mysqli->__construct()
#1 /app/backend/get_items.php(3): require('...')
#2 {main}
  thrown in /app/koneksi.php on line 7
[Sun Mar  1 10:22:35 2026] [::1]:35906 Closing
[Sun Mar  1 10:22:35 2026] [::1]:35908 Accepted
[Sun Mar  1 10:22:35 2026] PHP Fatal error:  Uncaught mysqli_sql_exception: No such file or directory in /app/koneksi.php:7
Stack trace:
#0 /app/koneksi.php(7): mysqli->__construct()
#1 /app/backend/auth.php(3): require('...')
#2 {main}
  thrown in /app/koneksi.php on line 7
[Sun Mar  1 10:22:35 2026] [::1]:35908 [500]: POST /backend/auth.php - Uncaught mysqli_sql_exception: No such file or directory in /app/koneksi.php:7
Stack trace:
#0 /app/koneksi.php(7): mysqli->__construct()
#1 /app/backend/auth.php(3): require('...')
#2 {main}
  thrown in /app/koneksi.php on line 7
[Sun Mar  1 10:22:35 2026] [::1]:35908 Closing
[Sun Mar  1 10:23:11 2026] [::1]:59540 Accepted
[Sun Mar  1 10:23:11 2026] [::1]:59540 [200]: GET /index.php
[Sun Mar  1 10:23:11 2026] [::1]:59540 Closing
[Sun Mar  1 10:23:11 2026] [::1]:59550 Accepted
[Sun Mar  1 10:23:11 2026] [::1]:59566 Accepted
[Sun Mar  1 10:23:11 2026] [::1]:59574 Accepted
[Sun Mar  1 10:23:11 2026] [::1]:59550 [200]: GET /assets/css/style.css
[Sun Mar  1 10:23:11 2026] [::1]:59550 Closing
[Sun Mar  1 10:23:11 2026] [::1]:59566 [200]: GET /assets/js/widgets.js
[Sun Mar  1 10:23:11 2026] [::1]:59566 Closing
[Sun Mar  1 10:23:11 2026] [::1]:59574 [200]: GET /assets/js/app.js
[Sun Mar  1 10:23:11 2026] [::1]:59574 Closing
[Sun Mar  1 10:23:12 2026] [::1]:59576 Accepted
[Sun Mar  1 10:23:12 2026] PHP Fatal error:  Uncaught mysqli_sql_exception: No such file or directory in /app/koneksi.php:7
Stack trace:
#0 /app/koneksi.php(7): mysqli->__construct()
#1 /app/backend/get_items.php(3): require('...')
#2 {main}
  thrown in /app/koneksi.php on line 7
[Sun Mar  1 10:23:12 2026] [::1]:59576 [500]: GET /backend/get_items.php - Uncaught mysqli_sql_exception: No such file or directory in /app/koneksi.php:7
Stack trace:
#0 /app/koneksi.php(7): mysqli->__construct()
#1 /app/backend/get_items.php(3): require('...')
#2 {main}
  thrown in /app/koneksi.php on line 7
[Sun Mar  1 10:23:12 2026] [::1]:59576 Closing
[Sun Mar  1 10:23:12 2026] [::1]:59580 Accepted
[Sun Mar  1 10:23:12 2026] PHP Fatal error:  Uncaught mysqli_sql_exception: No such file or directory in /app/koneksi.php:7
Stack trace:
#0 /app/koneksi.php(7): mysqli->__construct()
#1 /app/backend/auth.php(3): require('...')
#2 {main}
  thrown in /app/koneksi.php on line 7
[Sun Mar  1 10:23:12 2026] [::1]:59580 [500]: POST /backend/auth.php - Uncaught mysqli_sql_exception: No such file or directory in /app/koneksi.php:7
Stack trace:
#0 /app/koneksi.php(7): mysqli->__construct()
#1 /app/backend/auth.php(3): require('...')
#2 {main}
  thrown in /app/koneksi.php on line 7
[Sun Mar  1 10:23:12 2026] [::1]:59580 Closing
